

Symbols from C:\Users\dax\AppData\Local\Temp\arduino_build_552028/K197Display.ino.elf:

Name                  Value   Class        Type         Size     Line  Section

__heap_end          |00000000|   W  |            NOTYPE|        |     |*ABS*
__TEXT_REGION_ORIGIN__|00000000|   W  |            NOTYPE|        |     |*ABS*
__tmp_reg__         |00000000|   a  |            NOTYPE|        |     |*ABS*
__tmp_reg__         |00000000|   a  |            NOTYPE|        |     |*ABS*
__tmp_reg__         |00000000|   a  |            NOTYPE|        |     |*ABS*
__tmp_reg__         |00000000|   a  |            NOTYPE|        |     |*ABS*
__tmp_reg__         |00000000|   a  |            NOTYPE|        |     |*ABS*
__tmp_reg__         |00000000|   a  |            NOTYPE|        |     |*ABS*
__zero_reg__        |00000001|   a  |            NOTYPE|        |     |*ABS*
__zero_reg__        |00000001|   a  |            NOTYPE|        |     |*ABS*
__zero_reg__        |00000001|   a  |            NOTYPE|        |     |*ABS*
__zero_reg__        |00000001|   a  |            NOTYPE|        |     |*ABS*
__zero_reg__        |00000001|   a  |            NOTYPE|        |     |*ABS*
__zero_reg__        |00000001|   a  |            NOTYPE|        |     |*ABS*
__FUSE_REGION_LENGTH__|00000010|   A  |            NOTYPE|        |     |*ABS*
__CCP__             |00000034|   a  |            NOTYPE|        |     |*ABS*
__CCP__             |00000034|   a  |            NOTYPE|        |     |*ABS*
__CCP__             |00000034|   a  |            NOTYPE|        |     |*ABS*
__CCP__             |00000034|   a  |            NOTYPE|        |     |*ABS*
__CCP__             |00000034|   a  |            NOTYPE|        |     |*ABS*
__CCP__             |00000034|   a  |            NOTYPE|        |     |*ABS*
__SP_L__            |0000003d|   a  |            NOTYPE|        |     |*ABS*
__SP_L__            |0000003d|   a  |            NOTYPE|        |     |*ABS*
__SP_L__            |0000003d|   a  |            NOTYPE|        |     |*ABS*
__SP_L__            |0000003d|   a  |            NOTYPE|        |     |*ABS*
__SP_L__            |0000003d|   a  |            NOTYPE|        |     |*ABS*
__SP_L__            |0000003d|   a  |            NOTYPE|        |     |*ABS*
__SP_H__            |0000003e|   a  |            NOTYPE|        |     |*ABS*
__SP_H__            |0000003e|   a  |            NOTYPE|        |     |*ABS*
__SP_H__            |0000003e|   a  |            NOTYPE|        |     |*ABS*
__SP_H__            |0000003e|   a  |            NOTYPE|        |     |*ABS*
__SP_H__            |0000003e|   a  |            NOTYPE|        |     |*ABS*
__SP_H__            |0000003e|   a  |            NOTYPE|        |     |*ABS*
__SREG__            |0000003f|   a  |            NOTYPE|        |     |*ABS*
__SREG__            |0000003f|   a  |            NOTYPE|        |     |*ABS*
__SREG__            |0000003f|   a  |            NOTYPE|        |     |*ABS*
__SREG__            |0000003f|   a  |            NOTYPE|        |     |*ABS*
__SREG__            |0000003f|   a  |            NOTYPE|        |     |*ABS*
__SREG__            |0000003f|   a  |            NOTYPE|        |     |*ABS*
__EEPROM_REGION_LENGTH__|00000200|   A  |            NOTYPE|        |     |*ABS*
__vector_default    |00000200|   W  |            NOTYPE|        |     |.text	../../../../crt1/gcrt1.S:61
__vectors           |00000200|   T  |            NOTYPE|        |     |.text	../../../../crt1/gcrt1.S:61
__trampolines_end   |000002a8|   T  |            NOTYPE|        |     |.text
__trampolines_start |000002a8|   T  |            NOTYPE|        |     |.text
pstr_nan            |000002a8|   t  |            OBJECT|00000003|     |.text
pstr_inity          |000002ab|   t  |            OBJECT|00000005|     |.text
pstr_inf            |000002b0|   t  |            OBJECT|00000003|     |.text
pwr_m10             |000002b3|   t  |            OBJECT|00000018|     |.text
pwr_p10             |000002cb|   t  |            OBJECT|00000018|     |.text
__c.2216            |000003dd|   t  |            OBJECT|00000007|     |.text
__c.2210            |000003e4|   t  |            OBJECT|00000010|     |.text
printPrompt()::__c  |000003f4|   t  |            OBJECT|00000003|     |.text
printPrompt()::__c  |000003f7|   t  |            OBJECT|00000016|     |.text
__LOCK_REGION_LENGTH__|00000400|   A  |            NOTYPE|        |     |*ABS*
__SIGNATURE_REGION_LENGTH__|00000400|   A  |            NOTYPE|        |     |*ABS*
__USER_SIGNATURE_REGION_LENGTH__|00000400|   A  |            NOTYPE|        |     |*ABS*
printHelp()::__c    |0000040d|   t  |            OBJECT|0000002d|     |.text
printHelp()::__c    |0000043a|   t  |            OBJECT|0000001d|     |.text
printHelp()::__c    |00000457|   t  |            OBJECT|00000034|     |.text
printHelp()::__c    |0000048b|   t  |            OBJECT|00000027|     |.text
printHelp()::__c    |000004b2|   t  |            OBJECT|00000022|     |.text
printHelp()::__c    |000004d4|   t  |            OBJECT|00000020|     |.text
printHelp()::__c    |000004f4|   t  |            OBJECT|00000021|     |.text
printHelp()::__c    |00000515|   t  |            OBJECT|0000001a|     |.text
UImanager::handleUIEvent(K197UIeventsource, K197UIeventType)::__c|0000052f|   t  |            OBJECT|00000010|     |.text
logU2U()::__c       |0000053f|   t  |            OBJECT|00000003|     |.text
UImanager::setup()::__c|00000542|   t  |            OBJECT|00000018|     |.text
dxUtilClass::printResetFlags()::__c|0000055a|   t  |            OBJECT|0000000f|     |.text
dxUtilClass::printResetFlags()::__c|00000569|   t  |            OBJECT|0000000f|     |.text
dxUtilClass::printResetFlags()::__c|00000578|   t  |            OBJECT|00000009|     |.text
dxUtilClass::printResetFlags()::__c|00000581|   t  |            OBJECT|00000009|     |.text
dxUtilClass::printResetFlags()::__c|0000058a|   t  |            OBJECT|0000000a|     |.text
dxUtilClass::printResetFlags()::__c|00000594|   t  |            OBJECT|00000014|     |.text
dxUtilClass::pollMVIOstatus()::__c|000005a8|   t  |            OBJECT|0000000d|     |.text
dxUtilClass::pollMVIOstatus()::__c|000005b5|   t  |            OBJECT|00000008|     |.text
setup::__c          |000005bd|   t  |            OBJECT|0000000a|     |.text
setup::__c          |000005c7|   t  |            OBJECT|00000009|     |.text
setup::__c          |000005d0|   t  |            OBJECT|00000003|     |.text
setup::__c          |000005d3|   t  |            OBJECT|0000000c|     |.text
setup::__c          |000005df|   t  |            OBJECT|0000001e|     |.text
printError(char const*)::__c|000005fd|   t  |            OBJECT|00000012|     |.text
cmdContrast()::__c  |0000060f|   t  |            OBJECT|00000016|     |.text
cmdContrast()::__c  |00000625|   t  |            OBJECT|0000000a|     |.text
_ZZ12handleSerialvE3__c__11_|0000062f|   t  |            OBJECT|00000002|     |.text
_ZZ12handleSerialvE3__c__10_|00000631|   t  |            OBJECT|00000009|     |.text
handleSerial()::__c |0000063a|   t  |            OBJECT|00000004|     |.text
handleSerial()::__c |0000063e|   t  |            OBJECT|00000004|     |.text
handleSerial()::__c |00000642|   t  |            OBJECT|00000003|     |.text
handleSerial()::__c |00000645|   t  |            OBJECT|00000005|     |.text
handleSerial()::__c |0000064a|   t  |            OBJECT|00000014|     |.text
handleSerial()::__c |0000065e|   t  |            OBJECT|00000005|     |.text
handleSerial()::__c |00000663|   t  |            OBJECT|00000011|     |.text
handleSerial()::__c |00000674|   t  |            OBJECT|00000004|     |.text
handleSerial()::__c |00000678|   t  |            OBJECT|00000017|     |.text
handleSerial()::__c |0000068f|   t  |            OBJECT|00000004|     |.text
handleSerial()::__c |00000693|   t  |            OBJECT|00000002|     |.text
K197device::getNewReading(unsigned char*)::__c|00000695|   t  |            OBJECT|0000000c|     |.text
K197device::getNewReading(unsigned char*)::__c|000006a1|   t  |            OBJECT|00000005|     |.text
K197device::getNewReading(unsigned char*)::__c|000006a6|   t  |            OBJECT|00000003|     |.text
seg2char            |000006a9|   t  |            OBJECT|00000080|     |.text
K197device::getNewReading(unsigned char*)::__c|00000729|   t  |            OBJECT|00000017|     |.text
K197device::getNewReading(unsigned char*)::__c|00000740|   t  |            OBJECT|00000011|     |.text
SPIdevice::debugPrintData(unsigned char*, unsigned char)::__c|00000751|   t  |            OBJECT|00000003|     |.text
K197device::debugPrint()::__c|00000754|   t  |            OBJECT|0000000c|     |.text
K197device::debugPrint()::__c|00000760|   t  |            OBJECT|00000004|     |.text
K197device::debugPrint()::__c|00000764|   t  |            OBJECT|00000004|     |.text
_ZZN9UImanager18updateNormalScreenEvE3__c__18_|00000768|   t  |            OBJECT|0000000b|     |.text
_ZZN9UImanager18updateNormalScreenEvE3__c__17_|00000773|   t  |            OBJECT|00000004|     |.text
_ZZN9UImanager18updateNormalScreenEvE3__c__16_|00000777|   t  |            OBJECT|00000004|     |.text
_ZZN9UImanager18updateNormalScreenEvE3__c__15_|0000077b|   t  |            OBJECT|00000004|     |.text
_ZZN9UImanager18updateNormalScreenEvE3__c__14_|0000077f|   t  |            OBJECT|00000004|     |.text
_ZZN9UImanager18updateNormalScreenEvE3__c__13_|00000783|   t  |            OBJECT|00000005|     |.text
_ZZN9UImanager18updateNormalScreenEvE3__c__12_|00000788|   t  |            OBJECT|00000005|     |.text
_ZZN9UImanager18updateNormalScreenEvE3__c__11_|0000078d|   t  |            OBJECT|00000005|     |.text
_ZZN9UImanager18updateNormalScreenEvE3__c__10_|00000792|   t  |            OBJECT|00000005|     |.text
UImanager::updateNormalScreen()::__c|00000797|   t  |            OBJECT|00000005|     |.text
UImanager::updateNormalScreen()::__c|0000079c|   t  |            OBJECT|00000003|     |.text
UImanager::updateNormalScreen()::__c|0000079f|   t  |            OBJECT|00000003|     |.text
UImanager::updateNormalScreen()::__c|000007a2|   t  |            OBJECT|00000004|     |.text
UImanager::updateNormalScreen()::__c|000007a6|   t  |            OBJECT|00000004|     |.text
UImanager::updateNormalScreen()::__c|000007aa|   t  |            OBJECT|00000004|     |.text
UImanager::updateNormalScreen()::__c|000007ae|   t  |            OBJECT|00000004|     |.text
UImanager::updateNormalScreen()::__c|000007b2|   t  |            OBJECT|00000005|     |.text
UImanager::updateNormalScreen()::__c|000007b7|   t  |            OBJECT|00000005|     |.text
UImanager::updateNormalScreen()::__c|000007bc|   t  |            OBJECT|00000003|     |.text
UImanager::updateNormalScreen()::__c|000007bf|   t  |            OBJECT|00000003|     |.text
UImanager::updateMinMaxScreen()::__c|000007c2|   t  |            OBJECT|00000005|     |.text
UImanager::updateMinMaxScreen()::__c|000007c7|   t  |            OBJECT|00000005|     |.text
UImanager::updateMinMaxScreen()::__c|000007cc|   t  |            OBJECT|0000000b|     |.text
UImanager::updateMinMaxScreen()::__c|000007d7|   t  |            OBJECT|00000005|     |.text
UImanager::updateMinMaxScreen()::__c|000007dc|   t  |            OBJECT|00000005|     |.text
UImanager::updateMinMaxScreen()::__c|000007e1|   t  |            OBJECT|00000005|     |.text
UImanager::updateMinMaxScreen()::__c|000007e6|   t  |            OBJECT|00000004|     |.text
UImanager::updateMinMaxScreen()::__c|000007ea|   t  |            OBJECT|00000004|     |.text
UImanager::updateMinMaxScreen()::__c|000007ee|   t  |            OBJECT|00000003|     |.text
UImanager::updateMinMaxScreen()::__c|000007f1|   t  |            OBJECT|00000003|     |.text
_ZZN9UImanager17updateSplitScreenEvE3__c__14_|000007f4|   t  |            OBJECT|00000007|     |.text
_ZZN9UImanager17updateSplitScreenEvE3__c__13_|000007fb|   t  |            OBJECT|00000007|     |.text
_ZZN9UImanager17updateSplitScreenEvE3__c__12_|00000802|   t  |            OBJECT|00000005|     |.text
_ZZN9UImanager17updateSplitScreenEvE3__c__11_|00000807|   t  |            OBJECT|00000005|     |.text
_ZZN9UImanager17updateSplitScreenEvE3__c__10_|0000080c|   t  |            OBJECT|00000005|     |.text
UImanager::updateSplitScreen()::__c|00000811|   t  |            OBJECT|00000005|     |.text
UImanager::updateSplitScreen()::__c|00000816|   t  |            OBJECT|00000007|     |.text
UImanager::updateSplitScreen()::__c|0000081d|   t  |            OBJECT|00000007|     |.text
UImanager::updateSplitScreen()::__c|00000824|   t  |            OBJECT|00000007|     |.text
UImanager::updateSplitScreen()::__c|0000082b|   t  |            OBJECT|00000007|     |.text
UImanager::updateSplitScreen()::__c|00000832|   t  |            OBJECT|00000005|     |.text
UImanager::updateSplitScreen()::__c|00000837|   t  |            OBJECT|00000005|     |.text
UImanager::updateSplitScreen()::__c|0000083c|   t  |            OBJECT|00000005|     |.text
UImanager::updateSplitScreen()::__c|00000841|   t  |            OBJECT|00000005|     |.text
UImanager::updateSplitScreen()::__c|00000846|   t  |            OBJECT|00000006|     |.text
UImanager::updateSplitScreen()::__c|0000084c|   t  |            OBJECT|00000006|     |.text
UImanager::logData()::__c|00000852|   t  |            OBJECT|00000003|     |.text
UImanager::logData()::__c|00000855|   t  |            OBJECT|00000003|     |.text
UImanager::logData()::__c|00000858|   t  |            OBJECT|00000003|     |.text
UImanager::logData()::__c|0000085b|   t  |            OBJECT|00000003|     |.text
UImanager::logData()::__c|0000085e|   t  |            OBJECT|00000004|     |.text
UImanager::logData()::__c|00000862|   t  |            OBJECT|00000006|     |.text
BTmanager::checkPresence()::__c|00000868|   t  |            OBJECT|0000000d|     |.text
BTmanager::checkPresence()::__c|00000875|   t  |            OBJECT|0000000e|     |.text
UImanager::updateBtStatus()::__c|00000883|   t  |            OBJECT|00000004|     |.text
UImanager::updateBtStatus()::__c|00000887|   t  |            OBJECT|00000004|     |.text
UImanager::updateBtStatus()::__c|0000088b|   t  |            OBJECT|00000004|     |.text
UImanager::updateBtStatus()::__c|0000088f|   t  |            OBJECT|00000004|     |.text
UImanager::updateBtStatus()::__c|00000893|   t  |            OBJECT|00000004|     |.text
k197ButtonCluster::checkNew()::__c|00000897|   t  |            OBJECT|0000000a|     |.text
loop::__c           |000008a1|   t  |            OBJECT|00000008|     |.text
loop::__c           |000008a9|   t  |            OBJECT|00000009|     |.text
loop::__c           |000008b2|   t  |            OBJECT|0000000b|     |.text
loop::__c           |000008bd|   t  |            OBJECT|00000006|     |.text
loop::__c           |000008c3|   t  |            OBJECT|00000003|     |.text
loop::__c           |000008c6|   t  |            OBJECT|00000010|     |.text
K197device::getUnit(bool)::__c|000008d6|   t  |            OBJECT|00000003|     |.text
K197device::getUnit(bool)::__c|000008d9|   t  |            OBJECT|00000003|     |.text
K197device::getUnit(bool)::__c|000008dc|   t  |            OBJECT|00000003|     |.text
K197device::getUnit(bool)::__c|000008df|   t  |            OBJECT|00000003|     |.text
K197device::getUnit(bool)::__c|000008e2|   t  |            OBJECT|00000004|     |.text
K197device::getUnit(bool)::__c|000008e6|   t  |            OBJECT|00000005|     |.text
K197device::getUnit(bool)::__c|000008eb|   t  |            OBJECT|00000005|     |.text
K197device::getUnit(bool)::__c|000008f0|   t  |            OBJECT|00000005|     |.text
K197device::getUnit(bool)::__c|000008f5|   t  |            OBJECT|00000003|     |.text
K197device::getUnit(bool)::__c|000008f8|   t  |            OBJECT|00000003|     |.text
K197device::getUnit(bool)::__c|000008fb|   t  |            OBJECT|00000004|     |.text
dxUtilClass::checkVoltages(bool)::__c|000008ff|   t  |            OBJECT|00000002|     |.text
dxUtilClass::checkVoltages(bool)::__c|00000901|   t  |            OBJECT|00000004|     |.text
dxUtilClass::checkTemperature(bool)::__c|00000905|   t  |            OBJECT|00000003|     |.text
dxUtilClass::checkTemperature(bool)::__c|00000908|   t  |            OBJECT|00000003|     |.text
dxUtilClass::reportStack(bool)::__c|0000090b|   t  |            OBJECT|00000007|     |.text
buttonPinIn         |00000912|   t  |            OBJECT|00000004|     |.text
_usart0_pins        |00000916|   t  |            OBJECT|00000009|     |.text
__class_logStatSamples::__class_logStatSamples()::__c|0000091f|   t  |            OBJECT|0000000d|     |.text
__txt_logSeparator1 |0000092c|   t  |            OBJECT|0000000f|     |.text
__txt_logStat       |0000093b|   t  |            OBJECT|00000013|     |.text
__txt_logTamb       |0000094e|   t  |            OBJECT|0000000d|     |.text
__txt_logTimestamp  |0000095b|   t  |            OBJECT|0000000e|     |.text
__txt_logSplitUnit  |00000969|   t  |            OBJECT|0000000b|     |.text
__txt_logSkip       |00000974|   t  |            OBJECT|00000010|     |.text
__txt_logEnable     |00000984|   t  |            OBJECT|00000008|     |.text
__txt_logSeparator0 |0000098c|   t  |            OBJECT|00000013|     |.text
__class_openLog::__class_openLog()::__c|0000099f|   t  |            OBJECT|00000009|     |.text
__txt_reloadSettings|000009a8|   t  |            OBJECT|00000010|     |.text
__txt_saveSettings  |000009b8|   t  |            OBJECT|0000000e|     |.text
__class_contrastCtrl::__class_contrastCtrl()::__c|000009c6|   t  |            OBJECT|00000009|     |.text
__txt_bluetoothMenu |000009cf|   t  |            OBJECT|0000000a|     |.text
__txt_btDatalog     |000009d9|   t  |            OBJECT|00000011|     |.text
__txt_reassignStoRcl|000009ea|   t  |            OBJECT|00000011|     |.text
__txt_additionalModes|000009fb|   t  |            OBJECT|0000000c|     |.text
__txt_mainSeparator0|00000a07|   t  |            OBJECT|0000000c|     |.text
__class_exitMenu::__class_exitMenu()::__c|00000a13|   t  |            OBJECT|00000005|     |.text
__txt_closeMenu     |00000a18|   t  |            OBJECT|00000007|     |.text
u8g2_font_inr30_mr  |00000a1f|   t  |            OBJECT|000012e7|     |.text	E:\Users\puzzole\Documents\Arduino\libraries\U8g2\src\clib/u8g2_fonts.c:326162
u8g2_font_inr16_mr  |00001d06|   t  |            OBJECT|00000991|     |.text	E:\Users\puzzole\Documents\Arduino\libraries\U8g2\src\clib/u8g2_fonts.c:323611
__DATA_REGION_LENGTH__|00002000|   A  |            NOTYPE|        |     |*ABS*
u8g2_font_6x12_mr   |00002697|   t  |            OBJECT|000004a8|     |.text	E:\Users\puzzole\Documents\Arduino\libraries\U8g2\src\clib/u8g2_fonts.c:2803
u8g2_font_9x15_m_symbols|00002b3f|   t  |            OBJECT|0000223a|     |.text	E:\Users\puzzole\Documents\Arduino\libraries\U8g2\src\clib/u8g2_fonts.c:11679
u8g2_font_8x13_mr   |00004d79|   t  |            OBJECT|000005ac|     |.text	E:\Users\puzzole\Documents\Arduino\libraries\U8g2\src\clib/u8g2_fonts.c:8743
u8g2_font_5x7_mr    |00005325|   t  |            OBJECT|000003b0|     |.text	E:\Users\puzzole\Documents\Arduino\libraries\U8g2\src\clib/u8g2_fonts.c:1664
__ctors_start       |000056d6|   T  |            NOTYPE|        |     |.text
__ctors_end         |000056d8|   T  |            NOTYPE|        |     |.text	../../../../crt1/gcrt1.S:230
__dtors_end         |000056d8|   T  |            NOTYPE|        |     |.text	../../../../crt1/gcrt1.S:230
__dtors_start       |000056d8|   T  |            NOTYPE|        |     |.text	../../../../crt1/gcrt1.S:230
__init              |000056d8|   W  |            NOTYPE|        |     |.text	../../../../crt1/gcrt1.S:230
__do_copy_data      |000056e4|   T  |            NOTYPE|00000016|     |.text	/home/admin/build/toolchain-avr-special/gcc-build/avr/avrxmega2/libgcc/../../../../gcc/libgcc/config/avr/lib1funcs.S:2409
_initThreeStuff()   |000056e4|   T  |              FUNC|        |     |.text	/home/admin/build/toolchain-avr-special/gcc-build/avr/avrxmega2/libgcc/../../../../gcc/libgcc/config/avr/lib1funcs.S:2409
__do_clear_bss      |000056fa|   T  |            NOTYPE|00000010|     |.text	/home/admin/build/toolchain-avr-special/gcc-build/avr/avrxmega2/libgcc/../../../../gcc/libgcc/config/avr/lib1funcs.S:2441
.do_clear_bss_loop  |00005702|   t  |            NOTYPE|        |     |.text	/home/admin/build/toolchain-avr-special/gcc-build/avr/avrxmega2/libgcc/../../../../gcc/libgcc/config/avr/lib1funcs.S:2446
.do_clear_bss_start |00005704|   t  |            NOTYPE|        |     |.text	/home/admin/build/toolchain-avr-special/gcc-build/avr/avrxmega2/libgcc/../../../../gcc/libgcc/config/avr/lib1funcs.S:2448
__do_global_ctors   |0000570a|   T  |            NOTYPE|00000016|     |.text	/home/admin/build/toolchain-avr-special/gcc-build/avr/avrxmega2/libgcc/../../../../gcc/libgcc/config/avr/lib1funcs.S:2466
__bad_interrupt     |00005728|   T  |            NOTYPE|        |     |.text	../../../../crt1/gcrt1.S:209
__vector_1          |00005728|   W  |            NOTYPE|        |     |.text	../../../../crt1/gcrt1.S:209
__vector_10         |00005728|   W  |            NOTYPE|        |     |.text	../../../../crt1/gcrt1.S:209
__vector_12         |00005728|   W  |            NOTYPE|        |     |.text	../../../../crt1/gcrt1.S:209
__vector_13         |00005728|   W  |            NOTYPE|        |     |.text	../../../../crt1/gcrt1.S:209
__vector_14         |00005728|   W  |            NOTYPE|        |     |.text	../../../../crt1/gcrt1.S:209
__vector_15         |00005728|   W  |            NOTYPE|        |     |.text	../../../../crt1/gcrt1.S:209
__vector_16         |00005728|   W  |            NOTYPE|        |     |.text	../../../../crt1/gcrt1.S:209
__vector_17         |00005728|   W  |            NOTYPE|        |     |.text	../../../../crt1/gcrt1.S:209
__vector_19         |00005728|   W  |            NOTYPE|        |     |.text	../../../../crt1/gcrt1.S:209
__vector_2          |00005728|   W  |            NOTYPE|        |     |.text	../../../../crt1/gcrt1.S:209
__vector_20         |00005728|   W  |            NOTYPE|        |     |.text	../../../../crt1/gcrt1.S:209
__vector_24         |00005728|   W  |            NOTYPE|        |     |.text	../../../../crt1/gcrt1.S:209
__vector_25         |00005728|   W  |            NOTYPE|        |     |.text	../../../../crt1/gcrt1.S:209
__vector_26         |00005728|   W  |            NOTYPE|        |     |.text	../../../../crt1/gcrt1.S:209
__vector_27         |00005728|   W  |            NOTYPE|        |     |.text	../../../../crt1/gcrt1.S:209
__vector_28         |00005728|   W  |            NOTYPE|        |     |.text	../../../../crt1/gcrt1.S:209
__vector_29         |00005728|   W  |            NOTYPE|        |     |.text	../../../../crt1/gcrt1.S:209
__vector_3          |00005728|   W  |            NOTYPE|        |     |.text	../../../../crt1/gcrt1.S:209
__vector_32         |00005728|   W  |            NOTYPE|        |     |.text	../../../../crt1/gcrt1.S:209
__vector_33         |00005728|   W  |            NOTYPE|        |     |.text	../../../../crt1/gcrt1.S:209
__vector_34         |00005728|   W  |            NOTYPE|        |     |.text	../../../../crt1/gcrt1.S:209
__vector_35         |00005728|   W  |            NOTYPE|        |     |.text	../../../../crt1/gcrt1.S:209
__vector_36         |00005728|   W  |            NOTYPE|        |     |.text	../../../../crt1/gcrt1.S:209
__vector_38         |00005728|   W  |            NOTYPE|        |     |.text	../../../../crt1/gcrt1.S:209
__vector_39         |00005728|   W  |            NOTYPE|        |     |.text	../../../../crt1/gcrt1.S:209
__vector_4          |00005728|   W  |            NOTYPE|        |     |.text	../../../../crt1/gcrt1.S:209
__vector_40         |00005728|   W  |            NOTYPE|        |     |.text	../../../../crt1/gcrt1.S:209
__vector_41         |00005728|   W  |            NOTYPE|        |     |.text	../../../../crt1/gcrt1.S:209
__vector_5          |00005728|   W  |            NOTYPE|        |     |.text	../../../../crt1/gcrt1.S:209
__vector_6          |00005728|   W  |            NOTYPE|        |     |.text	../../../../crt1/gcrt1.S:209
__vector_8          |00005728|   W  |            NOTYPE|        |     |.text	../../../../crt1/gcrt1.S:209
u8x8_ascii_next     |0000572c|   t  |              FUNC|00000014|     |.text	E:\Users\puzzole\Documents\Arduino\libraries\U8g2\src\clib/u8x8_8x8.c:290
u8g2_ll_hvline_vertical_top_lsb|00005740|   t  |              FUNC|000000da|     |.text	E:\Users\puzzole\Documents\Arduino\libraries\U8g2\src\clib/u8g2_ll_hvline.c:72
u8x8_dummy_cb       |0000581a|   t  |              FUNC|00000004|     |.text	E:\Users\puzzole\Documents\Arduino\libraries\U8g2\src\clib/u8x8_setup.c:40
u8g2_font_calc_vref_font|0000581e|   t  |              FUNC|00000006|     |.text	E:\Users\puzzole\Documents\Arduino\libraries\U8g2\src\clib/u8g2_font.c:1227
dxUtilClass::checkFreeStack() [clone .constprop.157]|00005824|   t  |              FUNC|00000034|     |.text	C:\Users\dax\AppData\Local\Arduino15\packages\DxCore\hardware\megaavr\1.4.10\cores\dxcore/main.cpp:198
UImanager::isSplitScreen() [clone .constprop.153]|00005858|   t  |              FUNC|00000026|     |.text	C:\Users\dax\AppData\Local\Arduino15\packages\DxCore\hardware\megaavr\1.4.10\cores\dxcore/main.cpp:198
k197ButtonCluster::isPressed(K197UIeventsource) [clone .constprop.152]|0000587e|   t  |              FUNC|0000004c|     |.text	C:\Users\dax\AppData\Local\Arduino15\packages\DxCore\hardware\megaavr\1.4.10\cores\dxcore/main.cpp:198
UImanager::setContrast(unsigned char) [clone .constprop.116]|000058ca|   t  |              FUNC|00000022|     |.text	C:\Users\dax\AppData\Local\Arduino15\packages\DxCore\hardware\megaavr\1.4.10\cores\dxcore/main.cpp:198
u8g2_SetBufferCurrTileRow.constprop.114|000058ec|   t  |              FUNC|0000002e|     |.text	C:\Users\dax\AppData\Local\Arduino15\packages\DxCore\hardware\megaavr\1.4.10\cores\dxcore/main.cpp:198
Logic::attachInterrupt(void (*)(), unsigned char) [clone .constprop.100]|0000591a|   t  |              FUNC|0000004a|     |.text	C:\Users\dax\AppData\Local\Arduino15\packages\DxCore\hardware\megaavr\1.4.10\cores\dxcore/main.cpp:198
Logic::initInput(in::input_t&, PORT_struct&, unsigned char) [clone .constprop.97]|00005964|   t  |              FUNC|0000009a|     |.text	C:\Users\dax\AppData\Local\Arduino15\packages\DxCore\hardware\megaavr\1.4.10\cores\dxcore/main.cpp:198
Logic::init() [clone .constprop.96]|000059fe|   t  |              FUNC|00000138|     |.text	C:\Users\dax\AppData\Local\Arduino15\packages\DxCore\hardware\megaavr\1.4.10\cores\dxcore/main.cpp:198
K197device::getUnit(bool) [clone .constprop.83]|00005b36|   t  |              FUNC|0000008c|     |.text	C:\Users\dax\AppData\Local\Arduino15\packages\DxCore\hardware\megaavr\1.4.10\cores\dxcore/main.cpp:198
K197device::isTKModeActive() [clone .constprop.82]|00005bc2|   t  |              FUNC|00000028|     |.text	C:\Users\dax\AppData\Local\Arduino15\packages\DxCore\hardware\megaavr\1.4.10\cores\dxcore/main.cpp:198
u8x8_byte_SendBytes.constprop.29|00005bea|   t  |              FUNC|00000010|     |.text	C:\Users\dax\AppData\Local\Arduino15\packages\DxCore\hardware\megaavr\1.4.10\cores\dxcore/main.cpp:198
NotifyUser_onReceive.constprop.17|00005bfa|   t  |              FUNC|0000001a|     |.text	C:\Users\dax\AppData\Local\Arduino15\packages\DxCore\hardware\megaavr\1.4.10\cores\dxcore/main.cpp:198
u8g2_font_calc_vref_top|00005c14|   t  |              FUNC|00000012|     |.text	E:\Users\puzzole\Documents\Arduino\libraries\U8g2\src\clib/u8g2_font.c:1248
Print::print(char)  |00005c26|   t  |              FUNC|0000000e|     |.text	C:\Users\dax\AppData\Local\Arduino15\packages\DxCore\hardware\megaavr\1.4.10\cores\dxcore/main.cpp:198
Print::print(__FlashStringHelper const*)|00005c34|   t  |              FUNC|00000048|     |.text	C:\Users\dax\AppData\Local\Arduino15\packages\DxCore\hardware\megaavr\1.4.10\cores\dxcore/main.cpp:198
Print::write(unsigned char const*, unsigned int)|00005c7c|   t  |              FUNC|0000005a|     |.text	C:\Users\dax\AppData\Local\Arduino15\packages\DxCore\hardware\megaavr\1.4.10\cores\dxcore/main.cpp:198
UartClass::availableForWrite()|00005cd6|   t  |              FUNC|0000001e|     |.text	C:\Users\dax\AppData\Local\Arduino15\packages\DxCore\hardware\megaavr\1.4.10\cores\dxcore/main.cpp:198
UartClass::read()   |00005cf4|   t  |              FUNC|00000028|     |.text	C:\Users\dax\AppData\Local\Arduino15\packages\DxCore\hardware\megaavr\1.4.10\cores\dxcore/main.cpp:198
Stream::readBytesUntil(char, char*, unsigned int) [clone .part.0] [clone .constprop.92]|00005d1c|   t  |              FUNC|000000aa|     |.text	C:\Users\dax\AppData\Local\Arduino15\packages\DxCore\hardware\megaavr\1.4.10\cores\dxcore/main.cpp:198
UartClass::peek()   |00005dc6|   t  |              FUNC|0000001c|     |.text	C:\Users\dax\AppData\Local\Arduino15\packages\DxCore\hardware\megaavr\1.4.10\cores\dxcore/main.cpp:198
UartClass::available()|00005de2|   t  |              FUNC|00000018|     |.text	C:\Users\dax\AppData\Local\Arduino15\packages\DxCore\hardware\megaavr\1.4.10\cores\dxcore/main.cpp:198
UartClass::end()    |00005dfa|   t  |              FUNC|0000002e|     |.text	C:\Users\dax\AppData\Local\Arduino15\packages\DxCore\hardware\megaavr\1.4.10\cores\dxcore/main.cpp:198
UartClass::begin(unsigned long, unsigned int)|00005e28|   t  |              FUNC|0000021e|     |.text	C:\Users\dax\AppData\Local\Arduino15\packages\DxCore\hardware\megaavr\1.4.10\cores\dxcore/main.cpp:198
UartClass::_poll_tx_data_empty()|00006046|   t  |              FUNC|0000003c|     |.text	C:\Users\dax\AppData\Local\Arduino15\packages\DxCore\hardware\megaavr\1.4.10\cores\dxcore/main.cpp:198
_poll_dre_done      |00006080|   t  |            NOTYPE|        |     |.text	C:\Users\dax\AppData\Local\Arduino15\packages\DxCore\hardware\megaavr\1.4.10\cores\dxcore/main.cpp:198
UartClass::write(unsigned char)|00006082|   t  |              FUNC|00000098|     |.text	C:\Users\dax\AppData\Local\Arduino15\packages\DxCore\hardware\megaavr\1.4.10\cores\dxcore/main.cpp:198
UartClass::flush()  |0000611a|   t  |              FUNC|00000028|     |.text	C:\Users\dax\AppData\Local\Arduino15\packages\DxCore\hardware\megaavr\1.4.10\cores\dxcore/main.cpp:198
UImenuItem::selectable()|00006142|   t  |              FUNC|00000004|     |.text	C:\Users\dax\AppData\Local\Arduino15\packages\DxCore\hardware\megaavr\1.4.10\cores\dxcore/main.cpp:198
UartClass::operator bool()|00006142|   t  |              FUNC|00000004|     |.text	C:\Users\dax\AppData\Local\Arduino15\packages\DxCore\hardware\megaavr\1.4.10\cores\dxcore/main.cpp:198
_delayMicroseconds  |00006146|   t  |              FUNC|0000001c|     |.text	C:\Users\dax\AppData\Local\Arduino15\packages\DxCore\hardware\megaavr\1.4.10\cores\dxcore/wiring.c:748
micros              |00006162|   t  |              FUNC|0000008a|     |.text	C:\Users\dax\AppData\Local\Arduino15\packages\DxCore\hardware\megaavr\1.4.10\cores\dxcore/wiring.c:201
delay               |000061ec|   t  |              FUNC|00000062|     |.text	C:\Users\dax\AppData\Local\Arduino15\packages\DxCore\hardware\megaavr\1.4.10\cores\dxcore/wiring.c:648
TwoWire::flush()    |0000624e|   t  |              FUNC|0000001a|     |.text	C:\Users\dax\AppData\Local\Arduino15\packages\DxCore\hardware\megaavr\1.4.10\cores\dxcore/main.cpp:198
TwoWire::peek()     |00006268|   t  |              FUNC|00000028|     |.text	C:\Users\dax\AppData\Local\Arduino15\packages\DxCore\hardware\megaavr\1.4.10\cores\dxcore/main.cpp:198
TwoWire::read()     |00006290|   t  |              FUNC|00000026|     |.text	C:\Users\dax\AppData\Local\Arduino15\packages\DxCore\hardware\megaavr\1.4.10\cores\dxcore/main.cpp:198
TwoWire::available()|000062b6|   t  |              FUNC|0000000c|     |.text	C:\Users\dax\AppData\Local\Arduino15\packages\DxCore\hardware\megaavr\1.4.10\cores\dxcore/main.cpp:198
TwoWire::write(unsigned char const*, unsigned int)|000062c2|   t  |              FUNC|0000005c|     |.text	C:\Users\dax\AppData\Local\Arduino15\packages\DxCore\hardware\megaavr\1.4.10\cores\dxcore/main.cpp:198
TwoWire::write(unsigned char)|0000631e|   t  |              FUNC|00000024|     |.text	C:\Users\dax\AppData\Local\Arduino15\packages\DxCore\hardware\megaavr\1.4.10\cores\dxcore/main.cpp:198
Event::set_generator(unsigned char)|00006342|   t  |              FUNC|00000032|     |.text	C:\Users\dax\AppData\Local\Arduino15\packages\DxCore\hardware\megaavr\1.4.10\cores\dxcore/main.cpp:198
u8x8_gpio_call      |00006374|   t  |              FUNC|0000000e|     |.text	E:\Users\puzzole\Documents\Arduino\libraries\U8g2\src\clib/u8x8_gpio.c:40
u8x8_RefreshDisplay |00006382|   t  |              FUNC|00000012|     |.text	E:\Users\puzzole\Documents\Arduino\libraries\U8g2\src\clib/u8x8_display.c:156
u8x8_cad_EndTransfer|00006394|   t  |              FUNC|00000012|     |.text	E:\Users\puzzole\Documents\Arduino\libraries\U8g2\src\clib/u8x8_cad.c:118
u8x8_cad_StartTransfer|000063a6|   t  |              FUNC|00000012|     |.text	E:\Users\puzzole\Documents\Arduino\libraries\U8g2\src\clib/u8x8_cad.c:113
u8x8_cad_SendData   |000063b8|   t  |              FUNC|00000010|     |.text	E:\Users\puzzole\Documents\Arduino\libraries\U8g2\src\clib/u8x8_cad.c:108
u8x8_cad_SendSequence|000063c8|   t  |              FUNC|00000092|     |.text	E:\Users\puzzole\Documents\Arduino\libraries\U8g2\src\clib/u8x8_cad.c:159
u8x8_cad_SendArg    |0000645a|   t  |              FUNC|00000012|     |.text	E:\Users\puzzole\Documents\Arduino\libraries\U8g2\src\clib/u8x8_cad.c:93
u8x8_cad_SendCmd    |0000646c|   t  |              FUNC|00000012|     |.text	E:\Users\puzzole\Documents\Arduino\libraries\U8g2\src\clib/u8x8_cad.c:88
u8x8_d_ssd1322_nhd_256x64|0000647e|   t  |              FUNC|000001bc|     |.text
u8x8_byte_SendByte  |0000663a|   t  |              FUNC|0000001c|     |.text	E:\Users\puzzole\Documents\Arduino\libraries\U8g2\src\clib/u8x8_byte.c:49
u8x8_byte_SetDC     |00006656|   t  |              FUNC|00000012|     |.text	E:\Users\puzzole\Documents\Arduino\libraries\U8g2\src\clib/u8x8_byte.c:39
u8x8_cad_011        |00006668|   t  |              FUNC|0000006c|     |.text
u8x8_utf8_next      |000066d4|   t  |              FUNC|00000082|     |.text
u8log_WriteChar     |00006756|   t  |              FUNC|00000136|     |.text	E:\Users\puzzole\Documents\Arduino\libraries\U8g2\src\clib/u8log.c:199
u8log_WriteString.constprop.39|0000688c|   t  |              FUNC|0000001a|     |.text	C:\Users\dax\AppData\Local\Arduino15\packages\DxCore\hardware\megaavr\1.4.10\cores\dxcore/main.cpp:198
u8g2_draw_l90_r0    |000068a6|   t  |              FUNC|00000020|     |.text	E:\Users\puzzole\Documents\Arduino\libraries\U8g2\src\clib/u8g2_setup.c:307
u8g2_update_dimension_r0|000068c6|   t  |              FUNC|000000a4|     |.text	E:\Users\puzzole\Documents\Arduino\libraries\U8g2\src\clib/u8g2_setup.c:212
u8g2_IsIntersection |0000696a|   t  |              FUNC|00000072|     |.text
u8g2_update_page_win_r0|000069dc|   t  |              FUNC|0000015a|     |.text	E:\Users\puzzole\Documents\Arduino\libraries\U8g2\src\clib/u8g2_setup.c:217
u8g2_SetDrawColor   |00006b36|   t  |              FUNC|0000000a|     |.text	E:\Users\puzzole\Documents\Arduino\libraries\U8g2\src\clib/u8g2_hvline.c:249
u8g2_DrawHVLine     |00006b40|   t  |              FUNC|00000156|     |.text	E:\Users\puzzole\Documents\Arduino\libraries\U8g2\src\clib/u8g2_hvline.c:150
u8g2_DrawPixel      |00006c96|   t  |              FUNC|00000042|     |.text
u8g2_DrawLine       |00006cd8|   t  |              FUNC|00000156|     |.text	E:\Users\puzzole\Documents\Arduino\libraries\U8g2\src\clib/u8g2_line.c:39
u8g2_UpdateRefHeight|00006e2e|   t  |              FUNC|0000008c|     |.text	E:\Users\puzzole\Documents\Arduino\libraries\U8g2\src\clib/u8g2_font.c:1181
u8g2_add_vector_x   |00006eba|   t  |              FUNC|00000032|     |.text	E:\Users\puzzole\Documents\Arduino\libraries\U8g2\src\clib/u8g2_font.c:316
u8g2_add_vector_y   |00006eec|   t  |              FUNC|00000032|     |.text	E:\Users\puzzole\Documents\Arduino\libraries\U8g2\src\clib/u8g2_font.c:296
u8g2_font_decode_len|00006f1e|   t  |              FUNC|000000ba|     |.text	E:\Users\puzzole\Documents\Arduino\libraries\U8g2\src\clib/u8g2_font.c:387
u8g2_font_decode_get_unsigned_bits|00006fd8|   t  |              FUNC|00000056|     |.text	E:\Users\puzzole\Documents\Arduino\libraries\U8g2\src\clib/u8g2_font.c:237
u8g2_font_setup_decode|0000702e|   t  |              FUNC|0000004e|     |.text	E:\Users\puzzole\Documents\Arduino\libraries\U8g2\src\clib/u8g2_font.c:578
u8g2_font_decode_get_signed_bits|0000707c|   t  |              FUNC|0000001a|     |.text	E:\Users\puzzole\Documents\Arduino\libraries\U8g2\src\clib/u8g2_font.c:282
u8g2_font_get_word  |00007096|   t  |              FUNC|00000018|     |.text	E:\Users\puzzole\Documents\Arduino\libraries\U8g2\src\clib/u8g2_font.c:118
u8g2_SetFont        |000070ae|   t  |              FUNC|00000108|     |.text
u8g2_font_get_glyph_data|000071b6|   t  |              FUNC|000000d4|     |.text	E:\Users\puzzole\Documents\Arduino\libraries\U8g2\src\clib/u8g2_font.c:782
u8g2_string_width.constprop.86|0000728a|   t  |              FUNC|000000dc|     |.text	C:\Users\dax\AppData\Local\Arduino15\packages\DxCore\hardware\megaavr\1.4.10\cores\dxcore/main.cpp:198
u8g2_DrawGlyph      |00007366|   t  |              FUNC|00000246|     |.text	E:\Users\puzzole\Documents\Arduino\libraries\U8g2\src\clib/u8g2_font.c:936
u8g2_draw_string.constprop.77|000075ac|   t  |              FUNC|00000098|     |.text	C:\Users\dax\AppData\Local\Arduino15\packages\DxCore\hardware\megaavr\1.4.10\cores\dxcore/main.cpp:198
u8g2_send_buffer    |00007644|   t  |              FUNC|000000b4|     |.text	E:\Users\puzzole\Documents\Arduino\libraries\U8g2\src\clib/u8g2_buffer.c:72
u8g2_SendBuffer.constprop.149|000076f8|   t  |              FUNC|0000000e|     |.text	C:\Users\dax\AppData\Local\Arduino15\packages\DxCore\hardware\megaavr\1.4.10\cores\dxcore/main.cpp:198
u8g2_DrawFrame      |00007706|   t  |              FUNC|000000a4|     |.text	E:\Users\puzzole\Documents\Arduino\libraries\U8g2\src\clib/u8g2_box.c:61
u8g2_DrawBox        |000077aa|   t  |              FUNC|00000064|     |.text
arduino_hw_spi_3w_flush()|0000780e|   t  |              FUNC|0000002e|     |.text	C:\Users\dax\AppData\Local\Arduino15\packages\DxCore\hardware\megaavr\1.4.10\cores\dxcore/main.cpp:198
debugUtil::flush()  |0000783c|   t  |              FUNC|00000012|     |.text	C:\Users\dax\AppData\Local\Arduino15\packages\DxCore\hardware\megaavr\1.4.10\cores\dxcore/main.cpp:198
debugUtil::availableForWrite()|0000784e|   t  |              FUNC|00000016|     |.text	C:\Users\dax\AppData\Local\Arduino15\packages\DxCore\hardware\megaavr\1.4.10\cores\dxcore/main.cpp:198
debugUtil::write(unsigned char)|00007864|   t  |              FUNC|00000058|     |.text	C:\Users\dax\AppData\Local\Arduino15\packages\DxCore\hardware\megaavr\1.4.10\cores\dxcore/main.cpp:198
UImenu::selectFirstItem()|000078bc|   t  |              FUNC|00000054|     |.text	C:\Users\dax\AppData\Local\Arduino15\packages\DxCore\hardware\megaavr\1.4.10\cores\dxcore/main.cpp:198
UIMenuButtonItem::handleUIEvent(K197UIeventsource, K197UIeventType)|00007910|   t  |              FUNC|0000005c|     |.text	C:\Users\dax\AppData\Local\Arduino15\packages\DxCore\hardware\megaavr\1.4.10\cores\dxcore/main.cpp:198
MenuInputByte::handleUIEvent(K197UIeventsource, K197UIeventType)|0000796c|   t  |              FUNC|0000008e|     |.text	C:\Users\dax\AppData\Local\Arduino15\packages\DxCore\hardware\megaavr\1.4.10\cores\dxcore/main.cpp:198
MenuInputBool::handleUIEvent(K197UIeventsource, K197UIeventType)|000079fa|   t  |              FUNC|00000038|     |.text	C:\Users\dax\AppData\Local\Arduino15\packages\DxCore\hardware\megaavr\1.4.10\cores\dxcore/main.cpp:198
UIMenuButtonItem::draw(U8G2*, unsigned int, unsigned int, unsigned int, bool)|00007a32|   t  |              FUNC|000000c2|     |.text	C:\Users\dax\AppData\Local\Arduino15\packages\DxCore\hardware\megaavr\1.4.10\cores\dxcore/main.cpp:198
MenuInputBool::draw(U8G2*, unsigned int, unsigned int, unsigned int, bool)|00007af4|   t  |              FUNC|000000b0|     |.text	C:\Users\dax\AppData\Local\Arduino15\packages\DxCore\hardware\megaavr\1.4.10\cores\dxcore/main.cpp:198
UIMenuSeparator::draw(U8G2*, unsigned int, unsigned int, unsigned int, bool)|00007ba4|   t  |              FUNC|00000060|     |.text	C:\Users\dax\AppData\Local\Arduino15\packages\DxCore\hardware\megaavr\1.4.10\cores\dxcore/main.cpp:198
UImenuItem::handleUIEvent(K197UIeventsource, K197UIeventType)|00007c04|   t  |              FUNC|00000004|     |.text	C:\Users\dax\AppData\Local\Arduino15\packages\DxCore\hardware\megaavr\1.4.10\cores\dxcore/main.cpp:198
logU2U()            |00007c08|   t  |              FUNC|0000001e|     |.text	C:\Users\dax\AppData\Local\Arduino15\packages\DxCore\hardware\megaavr\1.4.10\cores\dxcore/main.cpp:198
__class_logStatSamples::change()|00007c26|   t  |              FUNC|0000000a|     |.text	C:\Users\dax\AppData\Local\Arduino15\packages\DxCore\hardware\megaavr\1.4.10\cores\dxcore/main.cpp:198
__class_contrastCtrl::change()|00007c30|   t  |              FUNC|0000001a|     |.text	C:\Users\dax\AppData\Local\Arduino15\packages\DxCore\hardware\megaavr\1.4.10\cores\dxcore/main.cpp:198
UIMenuActionOpen::change()|00007c4a|   t  |              FUNC|0000001c|     |.text	C:\Users\dax\AppData\Local\Arduino15\packages\DxCore\hardware\megaavr\1.4.10\cores\dxcore/main.cpp:198
UIMenuActionClose::change()|00007c66|   t  |              FUNC|0000001e|     |.text	C:\Users\dax\AppData\Local\Arduino15\packages\DxCore\hardware\megaavr\1.4.10\cores\dxcore/main.cpp:198
MenuInputByte::getHeight(bool)|00007c84|   t  |              FUNC|00000010|     |.text	C:\Users\dax\AppData\Local\Arduino15\packages\DxCore\hardware\megaavr\1.4.10\cores\dxcore/main.cpp:198
UIMenuSeparator::selectable()|00007c94|   t  |              FUNC|00000004|     |.text	C:\Users\dax\AppData\Local\Arduino15\packages\DxCore\hardware\megaavr\1.4.10\cores\dxcore/main.cpp:198
UImenuItem::change()|00007c98|   t  |              FUNC|00000002|     |.text	C:\Users\dax\AppData\Local\Arduino15\packages\DxCore\hardware\megaavr\1.4.10\cores\dxcore/main.cpp:198
Print::flush()      |00007c98|   t  |              FUNC|00000002|     |.text	C:\Users\dax\AppData\Local\Arduino15\packages\DxCore\hardware\megaavr\1.4.10\cores\dxcore/main.cpp:198
UImenuItem::getHeight(bool)|00007c9a|   t  |              FUNC|00000008|     |.text	C:\Users\dax\AppData\Local\Arduino15\packages\DxCore\hardware\megaavr\1.4.10\cores\dxcore/main.cpp:198
U8G2LOG::write(unsigned char const*, unsigned int)|00007ca2|   t  |              FUNC|00000050|     |.text	C:\Users\dax\AppData\Local\Arduino15\packages\DxCore\hardware\megaavr\1.4.10\cores\dxcore/main.cpp:198
debugUtil::write(unsigned char const*, unsigned int)|00007cf2|   t  |              FUNC|00000064|     |.text	C:\Users\dax\AppData\Local\Arduino15\packages\DxCore\hardware\megaavr\1.4.10\cores\dxcore/main.cpp:198
U8G2LOG::write(unsigned char)|00007d56|   t  |              FUNC|0000000c|     |.text	C:\Users\dax\AppData\Local\Arduino15\packages\DxCore\hardware\megaavr\1.4.10\cores\dxcore/main.cpp:198
U8G2::write(unsigned char const*, unsigned int)|00007d62|   t  |              FUNC|00000050|     |.text	C:\Users\dax\AppData\Local\Arduino15\packages\DxCore\hardware\megaavr\1.4.10\cores\dxcore/main.cpp:198
U8G2::write(unsigned char)|00007db2|   t  |              FUNC|000000a4|     |.text	C:\Users\dax\AppData\Local\Arduino15\packages\DxCore\hardware\megaavr\1.4.10\cores\dxcore/main.cpp:198
Print::availableForWrite()|00007e56|   t  |              FUNC|00000006|     |.text	C:\Users\dax\AppData\Local\Arduino15\packages\DxCore\hardware\megaavr\1.4.10\cores\dxcore/main.cpp:198
fifo_pull()         |00007e5c|   t  |              FUNC|00000048|     |.text	C:\Users\dax\AppData\Local\Arduino15\packages\DxCore\hardware\megaavr\1.4.10\cores\dxcore/main.cpp:198
fifo_push(unsigned char)|00007ea4|   t  |              FUNC|00000014|     |.text	C:\Users\dax\AppData\Local\Arduino15\packages\DxCore\hardware\megaavr\1.4.10\cores\dxcore/main.cpp:198
CCL_interrupt_handler()|00007eb8|   t  |              FUNC|0000000c|     |.text	C:\Users\dax\AppData\Local\Arduino15\packages\DxCore\hardware\megaavr\1.4.10\cores\dxcore/main.cpp:198
invoke_callback(int, K197UIeventType)|00007ec4|   t  |              FUNC|0000001e|     |.text	C:\Users\dax\AppData\Local\Arduino15\packages\DxCore\hardware\megaavr\1.4.10\cores\dxcore/main.cpp:198
k197ButtonCluster::checkNew(unsigned char, unsigned char, unsigned long) [clone .constprop.90]|00007ee2|   t  |              FUNC|000000d6|     |.text	C:\Users\dax\AppData\Local\Arduino15\packages\DxCore\hardware\megaavr\1.4.10\cores\dxcore/main.cpp:198
UartClass::begin(unsigned long)|00007fb8|   t  |              FUNC|00000012|     |.text	C:\Users\dax\AppData\Local\Arduino15\packages\DxCore\hardware\megaavr\1.4.10\cores\dxcore/main.cpp:198
dxUtilClass::getTKelvin() [clone .constprop.131]|00007fca|   t  |              FUNC|00000058|     |.text	C:\Users\dax\AppData\Local\Arduino15\packages\DxCore\hardware\megaavr\1.4.10\cores\dxcore/main.cpp:198
__stack             |00007fff|   W  |            NOTYPE|        |     |*ABS*
__RODATA_PM_OFFSET__|00008000|   A  |            NOTYPE|        |     |*ABS*
digitalWrite        |00008022|   t  |              FUNC|00000186|     |.text	C:\Users\dax\AppData\Local\Arduino15\packages\DxCore\hardware\megaavr\1.4.10\cores\dxcore/wiring_digital.c:352
u8x8_gpio_and_delay_arduino|000081a8|   t  |              FUNC|000001dc|     |.text	E:\Users\puzzole\Documents\Arduino\libraries\U8g2\src/U8x8lib.cpp:87
UImanager::formatNumber(char*, float)|00008384|   t  |              FUNC|0000011e|     |.text	C:\Users\dax\AppData\Local\Arduino15\packages\DxCore\hardware\megaavr\1.4.10\cores\dxcore/main.cpp:198
u8g2_ClearBuffer    |000084a2|   t  |              FUNC|0000002a|     |.text	E:\Users\puzzole\Documents\Arduino\libraries\U8g2\src\clib/u8g2_buffer.c:40
UImanager::clearScreen() [clone .constprop.148]|000084cc|   t  |              FUNC|00000016|     |.text	C:\Users\dax\AppData\Local\Arduino15\packages\DxCore\hardware\megaavr\1.4.10\cores\dxcore/main.cpp:198
__class_exitMenu::change()|000084e2|   t  |              FUNC|00000014|     |.text	C:\Users\dax\AppData\Local\Arduino15\packages\DxCore\hardware\megaavr\1.4.10\cores\dxcore/main.cpp:198
u8x8_byte_arduino_3wire_hw_spi|000084f6|   t  |              FUNC|000002d6|     |.text	E:\Users\puzzole\Documents\Arduino\libraries\U8g2\src/U8x8lib.cpp:760
Print::write(char const*) [clone .part.0]|000087cc|   t  |              FUNC|0000001e|     |.text	C:\Users\dax\AppData\Local\Arduino15\packages\DxCore\hardware\megaavr\1.4.10\cores\dxcore\api/Print.h:47
Print::write(char const*) [clone .part.2]|000087cc|   t  |              FUNC|0000001e|     |.text	C:\Users\dax\AppData\Local\Arduino15\packages\DxCore\hardware\megaavr\1.4.10\cores\dxcore/main.cpp:198
Print::println()    |000087ea|   t  |              FUNC|00000006|     |.text	C:\Users\dax\AppData\Local\Arduino15\packages\DxCore\hardware\megaavr\1.4.10\cores\dxcore/main.cpp:198
Print::println(__FlashStringHelper const*)|000087f0|   t  |              FUNC|00000022|     |.text	C:\Users\dax\AppData\Local\Arduino15\packages\DxCore\hardware\megaavr\1.4.10\cores\dxcore/main.cpp:198
Print::printNumber(unsigned long, unsigned char)|00008812|   t  |              FUNC|0000008a|     |.text	C:\Users\dax\AppData\Local\Arduino15\packages\DxCore\hardware\megaavr\1.4.10\cores\dxcore/main.cpp:198
dxUtilClass::reportStack(bool) [clone .constprop.136]|0000889c|   t  |              FUNC|00000088|     |.text	C:\Users\dax\AppData\Local\Arduino15\packages\DxCore\hardware\megaavr\1.4.10\cores\dxcore/main.cpp:198
__class_openLog::change()|00008924|   t  |              FUNC|00000028|     |.text	C:\Users\dax\AppData\Local\Arduino15\packages\DxCore\hardware\megaavr\1.4.10\cores\dxcore/main.cpp:198
Print::printFloat(double, unsigned char)|0000894c|   t  |              FUNC|000001c6|     |.text	C:\Users\dax\AppData\Local\Arduino15\packages\DxCore\hardware\megaavr\1.4.10\cores\dxcore/main.cpp:198
dxUtilClass::checkTemperature(bool) [clone .constprop.129]|00008b12|   t  |              FUNC|00000038|     |.text	C:\Users\dax\AppData\Local\Arduino15\packages\DxCore\hardware\megaavr\1.4.10\cores\dxcore/main.cpp:198
dxUtilClass::checkVoltages(bool) [clone .constprop.124]|00008b4a|   t  |              FUNC|00000098|     |.text	C:\Users\dax\AppData\Local\Arduino15\packages\DxCore\hardware\megaavr\1.4.10\cores\dxcore/main.cpp:198
MenuInputByte::draw(U8G2*, unsigned int, unsigned int, unsigned int, bool)|00008be2|   t  |              FUNC|000000e4|     |.text	C:\Users\dax\AppData\Local\Arduino15\packages\DxCore\hardware\megaavr\1.4.10\cores\dxcore/main.cpp:198
myButtonCallback(K197UIeventsource, K197UIeventType)|00008cc6|   t  |              FUNC|0000040c|     |.text	C:\Users\dax\AppData\Local\Arduino15\packages\DxCore\hardware\megaavr\1.4.10\cores\dxcore/main.cpp:198
printHelp()         |000090d2|   t  |              FUNC|0000009e|     |.text	C:\Users\dax\AppData\Local\Arduino15\packages\DxCore\hardware\megaavr\1.4.10\cores\dxcore/main.cpp:198
Print::print(char const*)|00009170|   t  |              FUNC|0000000e|     |.text	C:\Users\dax\AppData\Local\Arduino15\packages\DxCore\hardware\megaavr\1.4.10\cores\dxcore/main.cpp:198
debugUtil::write(char const*)|0000917e|   t  |              FUNC|00000060|     |.text	C:\Users\dax\AppData\Local\Arduino15\packages\DxCore\hardware\megaavr\1.4.10\cores\dxcore/main.cpp:198
__vector_22         |000091de|   T  |              FUNC|0000000a|     |.text	C:\Users\dax\AppData\Local\Arduino15\packages\DxCore\hardware\megaavr\1.4.10\cores\dxcore/UART0.cpp:88
__vector_21         |000091e8|   T  |              FUNC|0000000a|     |.text	C:\Users\dax\AppData\Local\Arduino15\packages\DxCore\hardware\megaavr\1.4.10\cores\dxcore/UART0.cpp:67
__vector_23         |000091f2|   T  |              FUNC|00000006|     |.text	C:\Users\dax\AppData\Local\Arduino15\packages\DxCore\hardware\megaavr\1.4.10\cores\dxcore/UART0.cpp:36
_do_dre             |000091f8|   t  |            NOTYPE|        |     |.text	C:\Users\dax\AppData\Local\Arduino15\packages\DxCore\hardware\megaavr\1.4.10\cores\dxcore/main.cpp:198
_do_dre()           |000091f8|   T  |              FUNC|0000005e|     |.text	C:\Users\dax\AppData\Local\Arduino15\packages\DxCore\hardware\megaavr\1.4.10\cores\dxcore/UART.cpp:160
_poll_dre           |00009208|   t  |            NOTYPE|        |     |.text	C:\Users\dax\AppData\Local\Arduino15\packages\DxCore\hardware\megaavr\1.4.10\cores\dxcore/main.cpp:198
_done_dre_irq       |00009236|   t  |            NOTYPE|        |     |.text	C:\Users\dax\AppData\Local\Arduino15\packages\DxCore\hardware\megaavr\1.4.10\cores\dxcore/main.cpp:198
_do_rxc             |00009256|   t  |            NOTYPE|        |     |.text	C:\Users\dax\AppData\Local\Arduino15\packages\DxCore\hardware\megaavr\1.4.10\cores\dxcore/main.cpp:198
_do_rxc()           |00009256|   T  |              FUNC|00000048|     |.text	C:\Users\dax\AppData\Local\Arduino15\packages\DxCore\hardware\megaavr\1.4.10\cores\dxcore/UART.cpp:76
_end_rxc            |0000928a|   t  |            NOTYPE|        |     |.text	C:\Users\dax\AppData\Local\Arduino15\packages\DxCore\hardware\megaavr\1.4.10\cores\dxcore/main.cpp:198
_do_txc             |0000929e|   t  |            NOTYPE|        |     |.text	C:\Users\dax\AppData\Local\Arduino15\packages\DxCore\hardware\megaavr\1.4.10\cores\dxcore/main.cpp:198
_do_txc()           |0000929e|   T  |              FUNC|00000026|     |.text	C:\Users\dax\AppData\Local\Arduino15\packages\DxCore\hardware\megaavr\1.4.10\cores\dxcore/UART.cpp:45
_txc_flush_rx       |000092a8|   t  |            NOTYPE|        |     |.text	C:\Users\dax\AppData\Local\Arduino15\packages\DxCore\hardware\megaavr\1.4.10\cores\dxcore/main.cpp:198
__vector_31         |000092c4|   T  |              FUNC|00000050|     |.text	C:\Users\dax\AppData\Local\Arduino15\packages\DxCore\hardware\megaavr\1.4.10\cores\dxcore/wiring.c:127
__vector_18         |00009314|   T  |              FUNC|00000134|     |.text	C:\Users\dax\AppData\Local\Arduino15\packages\DxCore\hardware\megaavr\1.4.10\libraries\Wire\src/Wire.cpp:784
__vector_7          |00009448|   T  |              FUNC|000000b4|     |.text	C:\Users\dax\AppData\Local\Arduino15\packages\DxCore\hardware\megaavr\1.4.10\libraries\Logic\src/Logic.cpp:535
__vector_37         |000094fc|   T  |              FUNC|0000005c|     |.text	C:\Users\dax\Google Drive\GitLocalRepositories\K197Display/SPIdevice.cpp:203
__vector_30         |00009558|   T  |              FUNC|00000020|     |.text	C:\Users\dax\Google Drive\GitLocalRepositories\K197Display/SPIdevice.cpp:68
__vector_11         |00009578|   T  |              FUNC|00000022|     |.text	C:\Users\dax\Google Drive\GitLocalRepositories\K197Display/K197PushButtons.cpp:700
__vector_9          |0000959a|   T  |              FUNC|0000003a|     |.text	C:\Users\dax\Google Drive\GitLocalRepositories\K197Display/K197PushButtons.cpp:678
vfprintf            |000095d4|   T  |              FUNC|00000238|     |.text	C:\Users\dax\AppData\Local\Arduino15\packages\DxCore\hardware\megaavr\1.4.10\cores\dxcore/main.cpp:198
global constructors keyed to 65535_0_BTmanager.cpp.o.26296|0000980c|   t  |              FUNC|0000072a|     |.text
main                |00009f36|   T  |              FUNC|000020ee|     |.text	C:\Users\dax\AppData\Local\Arduino15\packages\DxCore\hardware\megaavr\1.4.10\cores\dxcore/main.cpp:49
__prologue_saves__  |0000c024|   T  |            NOTYPE|00000032|     |.text	/home/admin/build/toolchain-avr-special/gcc-build/avr/avrxmega2/libgcc/../../../../gcc/libgcc/config/avr/lib1funcs.S:2169
__epilogue_restores__|0000c056|   T  |            NOTYPE|00000030|     |.text	/home/admin/build/toolchain-avr-special/gcc-build/avr/avrxmega2/libgcc/../../../../gcc/libgcc/config/avr/lib1funcs.S:2222
dtostrf             |0000c086|   T  |              FUNC|0000003a|     |.text
atof                |0000c0c0|   T  |              FUNC|00000006|     |.text
atoi                |0000c0c6|   T  |              FUNC|0000003a|     |.text
strcasecmp_P        |0000c100|   T  |              FUNC|00000026|     |.text
strchr_P            |0000c126|   T  |              FUNC|00000016|     |.text
strncmp_P           |0000c13c|   T  |              FUNC|0000001c|     |.text
__mulhi_const_10    |0000c158|   T  |            NOTYPE|        |     |.text
fputc               |0000c168|   T  |              FUNC|00000060|     |.text
__ultoa_invert      |0000c1c8|   T  |              FUNC|000000bc|     |.text
dtoa_prf            |0000c284|   T  |              FUNC|000002b8|     |.text
strtod              |0000c53c|   T  |              FUNC|0000028a|     |.text
__ftoa_engine       |0000c7c6|   T  |              FUNC|000001b0|     |.text
isspace             |0000c976|   T  |            NOTYPE|        |     |.text
strncasecmp_P       |0000c986|   T  |              FUNC|00000030|     |.text
__cmpsf2            |0000c9b6|   T  |              FUNC|00000008|     |.text
__eqsf2             |0000c9b6|   T  |            NOTYPE|        |     |.text
__lesf2             |0000c9b6|   T  |            NOTYPE|        |     |.text
__ltsf2             |0000c9b6|   T  |            NOTYPE|        |     |.text
__nesf2             |0000c9b6|   T  |            NOTYPE|        |     |.text
__floatunsisf       |0000c9be|   T  |              FUNC|0000007a|     |.text
__floatsisf         |0000c9c2|   T  |            NOTYPE|        |     |.text
__fp_cmp            |0000ca38|   T  |              FUNC|00000048|     |.text
__mulsf3            |0000ca80|   T  |              FUNC|00000004|     |.text
__mulsf3x           |0000ca98|   T  |              FUNC|000000d2|     |.text
__mulsf3_pse        |0000ca9c|   T  |            NOTYPE|        |     |.text
__ctype_isfalse     |0000cb46|   T  |            NOTYPE|        |     |.text
__ctype_istrue      |0000cb4a|   T  |            NOTYPE|        |     |.text
__fp_inf            |0000cb4c|   T  |              FUNC|0000000c|     |.text
__fp_nan            |0000cb58|   T  |              FUNC|00000006|     |.text
__fp_pscA           |0000cb5e|   T  |              FUNC|0000000e|     |.text
__fp_pscB           |0000cb6c|   T  |              FUNC|0000000e|     |.text
__fp_round          |0000cb7a|   T  |              FUNC|00000022|     |.text
__fp_split3         |0000cb9c|   T  |              FUNC|00000044|     |.text
__fp_splitA         |0000cbac|   T  |            NOTYPE|        |     |.text
__fp_zero           |0000cbe0|   T  |              FUNC|0000000e|     |.text
__fp_szero          |0000cbe2|   T  |            NOTYPE|        |     |.text
__muluhisi3         |0000cbee|   T  |            NOTYPE|00000014|     |.text	/home/admin/build/toolchain-avr-special/gcc-build/avr/avrxmega2/libgcc/../../../../gcc/libgcc/config/avr/lib1funcs.S:626
__umulhisi3         |0000cc02|   T  |            NOTYPE|0000001e|     |.text	/home/admin/build/toolchain-avr-special/gcc-build/avr/avrxmega2/libgcc/../../../../gcc/libgcc/config/avr/lib1funcs.S:564
__subsf3            |0000cc20|   T  |              FUNC|0000000a|     |.text
__addsf3            |0000cc22|   T  |            NOTYPE|        |     |.text
__addsf3x           |0000cc44|   T  |              FUNC|000000cc|     |.text
__divsf3            |0000ccea|   T  |              FUNC|00000004|     |.text
__divsf3x           |0000cd04|   T  |              FUNC|000000dc|     |.text
__divsf3_pse        |0000cd08|   T  |            NOTYPE|        |     |.text
__fixsfsi           |0000cdba|   T  |              FUNC|0000000a|     |.text
__fixunssfsi        |0000cdc4|   T  |              FUNC|00000058|     |.text
__gesf2             |0000ce1c|   T  |              FUNC|00000008|     |.text
__gtsf2             |0000ce1c|   T  |            NOTYPE|        |     |.text
__unordsf2          |0000ce24|   T  |              FUNC|00000008|     |.text
__divmodhi4         |0000ce2c|   T  |            NOTYPE|00000026|     |.text	/home/admin/build/toolchain-avr-special/gcc-build/avr/avrxmega2/libgcc/../../../../gcc/libgcc/config/avr/lib1funcs.S:1440
_div                |0000ce2c|   T  |            NOTYPE|        |     |.text	/home/admin/build/toolchain-avr-special/gcc-build/avr/avrxmega2/libgcc/../../../../gcc/libgcc/config/avr/lib1funcs.S:1440
__divmodhi4_neg1    |0000ce42|   t  |            NOTYPE|        |     |.text	/home/admin/build/toolchain-avr-special/gcc-build/avr/avrxmega2/libgcc/../../../../gcc/libgcc/config/avr/lib1funcs.S:1454
__divmodhi4_neg2    |0000ce4a|   t  |            NOTYPE|        |     |.text	/home/admin/build/toolchain-avr-special/gcc-build/avr/avrxmega2/libgcc/../../../../gcc/libgcc/config/avr/lib1funcs.S:1460
__divmodhi4_exit    |0000ce50|   t  |            NOTYPE|        |     |.text	/home/admin/build/toolchain-avr-special/gcc-build/avr/avrxmega2/libgcc/../../../../gcc/libgcc/config/avr/lib1funcs.S:1464
__udivmodsi4        |0000ce52|   T  |            NOTYPE|00000044|     |.text	/home/admin/build/toolchain-avr-special/gcc-build/avr/avrxmega2/libgcc/../../../../gcc/libgcc/config/avr/lib1funcs.S:1638
__udivmodsi4_loop   |0000ce5e|   t  |            NOTYPE|        |     |.text	/home/admin/build/toolchain-avr-special/gcc-build/avr/avrxmega2/libgcc/../../../../gcc/libgcc/config/avr/lib1funcs.S:1646
__udivmodsi4_ep     |0000ce78|   t  |            NOTYPE|        |     |.text	/home/admin/build/toolchain-avr-special/gcc-build/avr/avrxmega2/libgcc/../../../../gcc/libgcc/config/avr/lib1funcs.S:1660
__udivmodhi4        |0000ce96|   T  |            NOTYPE|00000028|     |.text	/home/admin/build/toolchain-avr-special/gcc-build/avr/avrxmega2/libgcc/../../../../gcc/libgcc/config/avr/lib1funcs.S:1408
__udivmodhi4_loop   |0000ce9e|   t  |            NOTYPE|        |     |.text	/home/admin/build/toolchain-avr-special/gcc-build/avr/avrxmega2/libgcc/../../../../gcc/libgcc/config/avr/lib1funcs.S:1413
__udivmodhi4_ep     |0000ceac|   t  |            NOTYPE|        |     |.text	/home/admin/build/toolchain-avr-special/gcc-build/avr/avrxmega2/libgcc/../../../../gcc/libgcc/config/avr/lib1funcs.S:1421
__tablejump2__      |0000cebe|   T  |            NOTYPE|0000000c|     |.text	/home/admin/build/toolchain-avr-special/gcc-build/avr/avrxmega2/libgcc/../../../../gcc/libgcc/config/avr/lib1funcs.S:2296
memset              |0000ceca|   T  |              FUNC|0000000e|     |.text
_exit               |0000ced8|   T  |            NOTYPE|        |     |.text	/home/admin/build/toolchain-avr-special/gcc-build/avr/avrxmega2/libgcc/../../../../gcc/libgcc/config/avr/lib1funcs.S:2278
exit                |0000ced8|   W  |            NOTYPE|        |     |.text	/home/admin/build/toolchain-avr-special/gcc-build/avr/avrxmega2/libgcc/../../../../gcc/libgcc/config/avr/lib1funcs.S:2278
__stop_program      |0000ceda|   t  |            NOTYPE|        |     |.text	/home/admin/build/toolchain-avr-special/gcc-build/avr/avrxmega2/libgcc/../../../../gcc/libgcc/config/avr/lib1funcs.S:2280
__data_load_start   |0000cedc|   A  |            NOTYPE|        |     |*ABS*
_etext              |0000cedc|   T  |            NOTYPE|        |     |.text
__data_load_end     |0000d150|   A  |            NOTYPE|        |     |*ABS*
__TEXT_REGION_LENGTH__|00010000|   A  |            NOTYPE|        |     |*ABS*
__DATA_REGION_ORIGIN__|00806000|   A  |            NOTYPE|        |     |*ABS*
__data_start        |00806000|   D  |            NOTYPE|        |     |.data
PeripheralControl   |00806000|   d  |            OBJECT|00000001|     |.data	C:\Users\dax\AppData\Local\Arduino15\packages\DxCore\hardware\megaavr\1.4.10\cores\dxcore/wiring.c:1546
logMenuItems        |00806001|   d  |            OBJECT|00000016|     |.data	C:\Users\dax\Google Drive\GitLocalRepositories\K197Display/UImanager.cpp:593
mainMenuItems       |00806017|   d  |            OBJECT|00000014|     |.data	C:\Users\dax\Google Drive\GitLocalRepositories\K197Display/UImanager.cpp:577
fifo_records        |0080602b|   d  |            OBJECT|00000008|     |.data
buttonState         |00806033|   d  |            OBJECT|00000004|     |.data	C:\Users\dax\Google Drive\GitLocalRepositories\K197Display/K197PushButtons.cpp:45
dxUtil              |00806037|   d  |            OBJECT|00000006|     |.data	C:\Users\dax\Google Drive\GitLocalRepositories\K197Display/dxUtil.cpp:30
CSWTCH.205          |0080603d|   d  |            OBJECT|00000003|     |.data
u8x8_d_ssd1322_256x64_flip0_seq|00806040|   d  |            OBJECT|00000009|     |.data	E:\Users\puzzole\Documents\Arduino\libraries\U8g2\src\clib/u8x8_d_ssd1322.c:228
u8x8_d_ssd1322_powersave1_seq|00806049|   d  |            OBJECT|00000005|     |.data	E:\Users\puzzole\Documents\Arduino\libraries\U8g2\src\clib/u8x8_d_ssd1322.c:53
u8x8_d_ssd1322_powersave0_seq|0080604e|   d  |            OBJECT|00000005|     |.data	E:\Users\puzzole\Documents\Arduino\libraries\U8g2\src\clib/u8x8_d_ssd1322.c:46
u8x8_d_ssd1322_256x64_flip1_seq|00806053|   d  |            OBJECT|00000009|     |.data	E:\Users\puzzole\Documents\Arduino\libraries\U8g2\src\clib/u8x8_d_ssd1322.c:235
u8x8_d_ssd1322_256x64_init_seq|0080605c|   d  |            OBJECT|00000053|     |.data	E:\Users\puzzole\Documents\Arduino\libraries\U8g2\src\clib/u8x8_d_ssd1322.c:267
u8x8_ssd1322_256x64_display_info|008060af|   d  |            OBJECT|00000018|     |.data	E:\Users\puzzole\Documents\Arduino\libraries\U8g2\src\clib/u8x8_d_ssd1322.c:242
digital_pin_to_timer|008060c7|   d  |            OBJECT|00000017|     |.data	C:\Users\dax\AppData\Local\Arduino15\packages\DxCore\hardware\megaavr\1.4.10\variants\28pin-standard/pins_arduino.h:354
digital_pin_to_bit_mask|008060de|   d  |            OBJECT|00000017|     |.data	C:\Users\dax\AppData\Local\Arduino15\packages\DxCore\hardware\megaavr\1.4.10\variants\28pin-standard/pins_arduino.h:315
digital_pin_to_port |008060f5|   d  |            OBJECT|00000017|     |.data	C:\Users\dax\AppData\Local\Arduino15\packages\DxCore\hardware\megaavr\1.4.10\variants\28pin-standard/pins_arduino.h:248
digital_pin_to_bit_position|0080610c|   d  |            OBJECT|00000017|     |.data	C:\Users\dax\AppData\Local\Arduino15\packages\DxCore\hardware\megaavr\1.4.10\variants\28pin-standard/pins_arduino.h:276
vtable for UartClass|00806123|   d  |            OBJECT|0000001a|     |.data
vtable for TwoWire  |0080613d|   d  |            OBJECT|00000012|     |.data
blocks              |0080614f|   d  |            OBJECT|00000058|     |.data
vtable for debugUtil|008061a7|   d  |            OBJECT|0000000e|     |.data
vtable for U8G2_SSD1322_NHD_256X64_F_3W_HW_SPI|008061b5|   d  |            OBJECT|0000000c|     |.data
vtable for U8G2     |008061b5|   d  |            OBJECT|0000000c|     |.data
vtable for __class_logStatSamples|008061c1|   d  |            OBJECT|0000000e|     |.data
vtable for MenuInputByte|008061cf|   d  |            OBJECT|0000000e|     |.data
vtable for __class_openLog|008061dd|   d  |            OBJECT|0000000e|     |.data
vtable for __class_contrastCtrl|008061eb|   d  |            OBJECT|0000000e|     |.data
vtable for UIMenuButtonItem|008061f9|   d  |            OBJECT|0000000e|     |.data
vtable for UIMenuActionOpen|00806207|   d  |            OBJECT|0000000e|     |.data
vtable for MenuInputBool|00806215|   d  |            OBJECT|0000000e|     |.data
vtable for UIMenuSeparator|00806223|   d  |            OBJECT|0000000e|     |.data
vtable for __class_exitMenu|00806231|   d  |            OBJECT|0000000e|     |.data
vtable for UIMenuActionClose|0080623f|   d  |            OBJECT|0000000e|     |.data
vtable for U8G2LOG  |0080624d|   d  |            OBJECT|0000000c|     |.data
u8g2_cb_r0          |00806259|   d  |            OBJECT|00000006|     |.data	E:\Users\puzzole\Documents\Arduino\libraries\U8g2\src\clib/u8g2_setup.c:447
__bss_start         |00806274|   B  |            NOTYPE|        |     |.bss
__data_end          |00806274|   D  |            NOTYPE|        |     |.data
_edata              |00806274|   D  |            NOTYPE|        |     |.data
fifo_front          |00806274|   b  |            OBJECT|00000001|     |.bss
arduino_hw_spi_3w_buffer|00806275|   b  |            OBJECT|00000009|     |.bss
arduino_hw_spi_3w_bytepos|0080627e|   b  |            OBJECT|00000001|     |.bss
arduino_hw_spi_3w_dc|0080627f|   b  |            OBJECT|00000002|     |.bss
u8x8_ssd1322_to32_dest_buf|00806281|   b  |            OBJECT|00000020|     |.bss	E:\Users\puzzole\Documents\Arduino\libraries\U8g2\src\clib/u8x8_d_ssd1322.c:91
callBack            |008062a1|   b  |            OBJECT|00000002|     |.bss	C:\Users\dax\Google Drive\GitLocalRepositories\K197Display/K197PushButtons.cpp:34
u8log_buffer        |008062a3|   b  |            OBJECT|000000fc|     |.bss	C:\Users\dax\Google Drive\GitLocalRepositories\K197Display/UImanager.cpp:94
cmdContrast()::buf  |0080639f|   b  |            OBJECT|0000001e|     |.bss
handleSerial()::buf |008063bd|   b  |            OBJECT|0000001e|     |.bss
spiBuffer           |008063db|   b  |            OBJECT|00000012|     |.bss	C:\Users\dax\Google Drive\GitLocalRepositories\K197Display/SPIdevice.cpp:62
collisionStatus     |008063ed|   b  |            OBJECT|00000001|     |.bss	C:\Users\dax\Google Drive\GitLocalRepositories\K197Display/K197Display.ino:368
msg_printout        |008063ee|   b  |            OBJECT|00000001|     |.bss	C:\Users\dax\Google Drive\GitLocalRepositories\K197Display/K197Display.ino:76
DMMReading          |008063ef|   b  |            OBJECT|00000012|     |.bss	C:\Users\dax\Google Drive\GitLocalRepositories\K197Display/K197Display.ino:365
looptimer           |00806401|   b  |            OBJECT|00000004|     |.bss
lastHold            |00806405|   b  |            OBJECT|00000010|     |.bss	C:\Users\dax\Google Drive\GitLocalRepositories\K197Display/K197PushButtons.cpp:50
lastReleased        |00806415|   b  |            OBJECT|00000010|     |.bss	C:\Users\dax\Google Drive\GitLocalRepositories\K197Display/K197PushButtons.cpp:52
startPressed        |00806425|   b  |            OBJECT|00000010|     |.bss	C:\Users\dax\Google Drive\GitLocalRepositories\K197Display/K197PushButtons.cpp:48
timer_millis        |00806435|   b  |            OBJECT|00000004|     |.bss	C:\Users\dax\AppData\Local\Arduino15\packages\DxCore\hardware\megaavr\1.4.10\cores\dxcore/wiring.c:57
intFuncCCL          |00806439|   b  |            OBJECT|00000008|     |.bss
Serial0             |00806441|   b  |            OBJECT|00000097|     |.bss	C:\Users\dax\AppData\Local\Arduino15\packages\DxCore\hardware\megaavr\1.4.10\cores\dxcore/UART0.cpp:103
Wire                |008064d8|   b  |            OBJECT|0000011c|     |.bss	C:\Users\dax\AppData\Local\Arduino15\packages\DxCore\hardware\megaavr\1.4.10\libraries\Wire\src/Wire.cpp:805
SPI                 |008065f4|   b  |            OBJECT|0000000b|     |.bss	C:\Users\dax\AppData\Local\Arduino15\packages\DxCore\hardware\megaavr\1.4.10\libraries\SPI\src/SPI.cpp:617
DEFAULT_SPI_SETTINGS|008065ff|   b  |            OBJECT|00000002|     |.bss
Logic3              |00806601|   b  |            OBJECT|0000000d|     |.bss	C:\Users\dax\AppData\Local\Arduino15\packages\DxCore\hardware\megaavr\1.4.10\libraries\Logic\src/Logic.cpp:365
Logic2              |0080660e|   b  |            OBJECT|0000000d|     |.bss	C:\Users\dax\AppData\Local\Arduino15\packages\DxCore\hardware\megaavr\1.4.10\libraries\Logic\src/Logic.cpp:362
Logic1              |0080661b|   b  |            OBJECT|0000000d|     |.bss	C:\Users\dax\AppData\Local\Arduino15\packages\DxCore\hardware\megaavr\1.4.10\libraries\Logic\src/Logic.cpp:359
Logic0              |00806628|   b  |            OBJECT|0000000d|     |.bss	C:\Users\dax\AppData\Local\Arduino15\packages\DxCore\hardware\megaavr\1.4.10\libraries\Logic\src/Logic.cpp:356
Event5              |00806635|   b  |            OBJECT|00000004|     |.bss	C:\Users\dax\AppData\Local\Arduino15\packages\DxCore\hardware\megaavr\1.4.10\libraries\Event\src/Event.cpp:22
Event4              |00806639|   b  |            OBJECT|00000004|     |.bss	C:\Users\dax\AppData\Local\Arduino15\packages\DxCore\hardware\megaavr\1.4.10\libraries\Event\src/Event.cpp:19
Event3              |0080663d|   b  |            OBJECT|00000004|     |.bss	C:\Users\dax\AppData\Local\Arduino15\packages\DxCore\hardware\megaavr\1.4.10\libraries\Event\src/Event.cpp:16
Event2              |00806641|   b  |            OBJECT|00000004|     |.bss	C:\Users\dax\AppData\Local\Arduino15\packages\DxCore\hardware\megaavr\1.4.10\libraries\Event\src/Event.cpp:13
DebugOut            |00806645|   b  |            OBJECT|00000006|     |.bss	C:\Users\dax\Google Drive\GitLocalRepositories\K197Display/debugUtil.cpp:23
buf.12366           |0080664b|   b  |            OBJECT|00000800|     |.bss
logStatSamples      |00806e4b|   b  |            OBJECT|00000007|     |.bss	C:\Users\dax\Google Drive\GitLocalRepositories\K197Display/UImanager.cpp:590
logSeparator1       |00806e52|   b  |            OBJECT|00000006|     |.bss	C:\Users\dax\Google Drive\GitLocalRepositories\K197Display/UImanager.cpp:589
logStat             |00806e58|   b  |            OBJECT|00000007|     |.bss	C:\Users\dax\Google Drive\GitLocalRepositories\K197Display/UImanager.cpp:588
logTamb             |00806e5f|   b  |            OBJECT|00000007|     |.bss	C:\Users\dax\Google Drive\GitLocalRepositories\K197Display/UImanager.cpp:587
logTimestamp        |00806e66|   b  |            OBJECT|00000007|     |.bss	C:\Users\dax\Google Drive\GitLocalRepositories\K197Display/UImanager.cpp:586
logSplitUnit        |00806e6d|   b  |            OBJECT|00000007|     |.bss	C:\Users\dax\Google Drive\GitLocalRepositories\K197Display/UImanager.cpp:585
logSkip             |00806e74|   b  |            OBJECT|00000007|     |.bss	C:\Users\dax\Google Drive\GitLocalRepositories\K197Display/UImanager.cpp:584
logEnable           |00806e7b|   b  |            OBJECT|00000007|     |.bss	C:\Users\dax\Google Drive\GitLocalRepositories\K197Display/UImanager.cpp:583
logSeparator0       |00806e82|   b  |            OBJECT|00000006|     |.bss	C:\Users\dax\Google Drive\GitLocalRepositories\K197Display/UImanager.cpp:582
openLog             |00806e88|   b  |            OBJECT|00000006|     |.bss	C:\Users\dax\Google Drive\GitLocalRepositories\K197Display/UImanager.cpp:573
reloadSettings      |00806e8e|   b  |            OBJECT|00000006|     |.bss	C:\Users\dax\Google Drive\GitLocalRepositories\K197Display/UImanager.cpp:571
saveSettings        |00806e94|   b  |            OBJECT|00000006|     |.bss	C:\Users\dax\Google Drive\GitLocalRepositories\K197Display/UImanager.cpp:569
contrastCtrl        |00806e9a|   b  |            OBJECT|00000007|     |.bss	C:\Users\dax\Google Drive\GitLocalRepositories\K197Display/UImanager.cpp:567
bluetoothMenu       |00806ea1|   b  |            OBJECT|00000006|     |.bss	C:\Users\dax\Google Drive\GitLocalRepositories\K197Display/UImanager.cpp:565
btDatalog           |00806ea7|   b  |            OBJECT|00000008|     |.bss	C:\Users\dax\Google Drive\GitLocalRepositories\K197Display/UImanager.cpp:564
reassignStoRcl      |00806eaf|   b  |            OBJECT|00000007|     |.bss	C:\Users\dax\Google Drive\GitLocalRepositories\K197Display/UImanager.cpp:563
additionalModes     |00806eb6|   b  |            OBJECT|00000007|     |.bss	C:\Users\dax\Google Drive\GitLocalRepositories\K197Display/UImanager.cpp:562
mainSeparator0      |00806ebd|   b  |            OBJECT|00000006|     |.bss	C:\Users\dax\Google Drive\GitLocalRepositories\K197Display/UImanager.cpp:561
exitMenu            |00806ec3|   b  |            OBJECT|00000006|     |.bss	C:\Users\dax\Google Drive\GitLocalRepositories\K197Display/UImanager.cpp:557
closeMenu           |00806ec9|   b  |            OBJECT|00000006|     |.bss	C:\Users\dax\Google Drive\GitLocalRepositories\K197Display/UImanager.cpp:555
u8g2log             |00806ecf|   b  |            OBJECT|00000014|     |.bss	C:\Users\dax\Google Drive\GitLocalRepositories\K197Display/UImanager.cpp:95
u8g2                |00806ee3|   b  |            OBJECT|00000096|     |.bss	C:\Users\dax\Google Drive\GitLocalRepositories\K197Display/UImanager.cpp:88
uiman               |00806f79|   b  |            OBJECT|00000009|     |.bss	C:\Users\dax\Google Drive\GitLocalRepositories\K197Display/UImanager.cpp:72
UIlogMenu           |00806f82|   b  |            OBJECT|00000009|     |.bss	C:\Users\dax\Google Drive\GitLocalRepositories\K197Display/UImanager.cpp:63
UImenu::currentMenu |00806f8b|   b  |            OBJECT|00000002|     |.bss
UImainMenu          |00806f8d|   b  |            OBJECT|00000009|     |.bss	C:\Users\dax\Google Drive\GitLocalRepositories\K197Display/UImanager.cpp:62
k197dev             |00806f96|   b  |            OBJECT|0000002a|     |.bss	C:\Users\dax\Google Drive\GitLocalRepositories\K197Display/K197device.cpp:33
BTman               |00806fc0|   b  |            OBJECT|00000002|     |.bss	C:\Users\dax\Google Drive\GitLocalRepositories\K197Display/BTmanager.cpp:29
__brkval            |00806fc2|   B  |            OBJECT|00000002|     |.bss
__flp               |00806fc4|   B  |            OBJECT|00000002|     |.bss
errno               |00806fc6|   B  |            OBJECT|00000002|     |.bss
__bss_end           |00806fc8|   B  |            NOTYPE|        |     |.bss
__heap_start        |00806fc8|   n  |            NOTYPE|        |     |.comment
_end                |00806fc8|   N  |            NOTYPE|        |     |.comment
__eeprom_end        |00810000|   N  |            NOTYPE|        |     |.comment
